// Jest Snapshot v1, https://goo.gl/fbAQLP

exports[`ExplainCollectionEnabled should explain about xpack.monitoring.collection.enabled setting 1`] = `
<ExplainCollectionEnabled
  context="cluster"
  data="-1"
  enabler={
    Object {
      "enableCollectionEnabled": [Function],
    }
  }
  property="xpack.monitoring.collection.enabled"
>
  <p>
    We checked the 
    cluster
     settings and found that 
    <EuiCode>
      <EuiCodeBlockImpl
        fontSize="s"
        inline={true}
        paddingSize="l"
        transparentBackground={false}
      >
        <span
          className="euiCodeBlock euiCodeBlock--fontSmall euiCodeBlock--paddingLarge euiCodeBlock--inline"
          style={Object {}}
        >
          <code
            className="euiCodeBlock__code"
          >
            xpack.monitoring.collection.enabled
          </code>
        </span>
      </EuiCodeBlockImpl>
    </EuiCode>
    is set to 
    <EuiCode>
      <EuiCodeBlockImpl
        fontSize="s"
        inline={true}
        paddingSize="l"
        transparentBackground={false}
      >
        <span
          className="euiCodeBlock euiCodeBlock--fontSmall euiCodeBlock--paddingLarge euiCodeBlock--inline"
          style={Object {}}
        >
          <code
            className="euiCodeBlock__code"
          >
            -1
          </code>
        </span>
      </EuiCodeBlockImpl>
    </EuiCode>
    , which disables Monitoring.
  </p>
  <p>
    Monitoring is now disabled by default since it comes installed automatically. Not to worry! You can enable it right here.
  </p>
  <EuiFlexGroup
    alignItems="center"
    component="div"
    gutterSize="s"
    justifyContent="flexStart"
    responsive={true}
    wrap={false}
  >
    <div
      className="euiFlexGroup euiFlexGroup--gutterSmall euiFlexGroup--alignItemsCenter euiFlexGroup--responsive"
    >
      <EuiFlexItem
        component="div"
        grow={false}
      >
        <div
          className="euiFlexItem euiFlexItem--flexGrowZero"
        >
          <EuiButton
            color="primary"
            data-test-subj="enableCollectionEnabled"
            fill={true}
            iconSide="left"
            onClick={[Function]}
            type="button"
          >
            <button
              className="euiButton euiButton--primary euiButton--fill"
              data-test-subj="enableCollectionEnabled"
              onClick={[Function]}
              type="button"
            >
              <span
                className="euiButton__content"
              >
                <span
                  className="euiButton__text"
                >
                  Enable Monitoring Collection
                </span>
              </span>
            </button>
          </EuiButton>
        </div>
      </EuiFlexItem>
      <EuiFlexItem
        component="div"
        grow={false}
      >
        <div
          className="euiFlexItem euiFlexItem--flexGrowZero"
        >
          <WaitingIndicator />
        </div>
      </EuiFlexItem>
    </div>
  </EuiFlexGroup>
</ExplainCollectionEnabled>
`;
