// Jest Snapshot v1, https://goo.gl/fbAQLP

exports[`DetailView should render empty state 1`] = `
"
null
"
`;

exports[`DetailView should render with data 1`] = `
"
<div class=\\"sc-brqgnP gzTAIt\\">
  <div class=\\"sc-cMljjf kRTmxt\\">
    <h2 class=\\"sc-jAaTju giZDJt sc-htoDjs kEDvNn\\">
      Error occurrence
    </h2>
    <a href=\\"/app/kibana#/discover?_g=&amp;_a=(interval:auto,query:(language:lucene,query:'context.service.name:opbeans-node AND error.grouping_key:c00e245c2fbebaf178fc31eeb2bb0250'),sort:('@timestamp':desc))\\"
       class=\\"kuiLink \\"
    >
      <button class=\\"kuiButton kuiButton--secondary kuiButton--iconText\\">
        <span class=\\"kuiButton__inner\\">
          <span aria-hidden=\\"true\\"
                class=\\"kuiButton__icon kuiIcon fa-compass\\"
          >
          </span>
          <span>
            View 18 occurences in Discover
          </span>
        </span>
      </button>
    </a>
  </div>
  <div class=\\"sc-bdVaJa fcOFyp\\">
    <div class=\\"sc-bwzfXH Evm\\">
      <div class=\\"sc-bxivhb cZfMoG\\">
        Timestamp
      </div>
      <div class=\\"sc-ifAKCX LYQmD\\">
        1515508740
        <span class=\\"sc-EHOje fxIYbA\\">
          (1515508740)
        </span>
      </div>
    </div>
    <div class=\\"sc-htpNat iGoPZi\\">
      <div class=\\"sc-bxivhb cZfMoG\\">
        URL
      </div>
      <span class=\\"sc-bZQynM gGoFAs\\"
            title=\\"N/A\\"
      >
        N/A
      </span>
    </div>
    <div class=\\"sc-bwzfXH Evm\\">
      <div class=\\"sc-bxivhb cZfMoG\\">
        Request method
      </div>
      <div class=\\"sc-ifAKCX LYQmD\\">
        GET
      </div>
    </div>
    <div class=\\"sc-bwzfXH Evm\\">
      <div class=\\"sc-bxivhb cZfMoG\\">
        Handled
      </div>
      <div class=\\"sc-ifAKCX LYQmD\\">
        N/A
      </div>
    </div>
    <div class=\\"sc-bwzfXH Evm\\">
      <div class=\\"sc-bxivhb cZfMoG\\">
        User ID
      </div>
      <div class=\\"sc-ifAKCX LYQmD\\">
        N/A
      </div>
    </div>
  </div>
  <div class=\\"sc-jDwBTQ krGBWu\\">
    <div class=\\"sc-iwsKbI xfglV\\">
      Log stacktrace
    </div>
    <div class=\\"sc-iwsKbI eQURAw\\">
      Exception stacktrace
    </div>
    <div class=\\"sc-iwsKbI eQURAw\\">
      Request
    </div>
    <div class=\\"sc-iwsKbI eQURAw\\">
      Response
    </div>
    <div class=\\"sc-iwsKbI eQURAw\\">
      System
    </div>
    <div class=\\"sc-iwsKbI eQURAw\\">
      Service
    </div>
    <div class=\\"sc-iwsKbI eQURAw\\">
      Process
    </div>
    <div class=\\"sc-iwsKbI eQURAw\\">
      User
    </div>
    <div class=\\"sc-iwsKbI eQURAw\\">
      Tags
    </div>
    <div class=\\"sc-iwsKbI eQURAw\\">
      Custom
    </div>
  </div>
  <div class=\\"sc-gPEVay dLfQVr\\">
    <div class=\\"kuiTableInfo sc-hSdWYo fqcxgH\\">
      No stacktrace available.
      <div class=\\"sc-eHgmQL kFyYkl\\">
        <span>
          Oops! You should try another time range. If that's no good, there's always the
          <a href=\\"https://www.elastic.co/guide/en/apm/get-started/6.2/index.html\\">
            documentation
          </a>
          .
        </span>
      </div>
    </div>
  </div>
</div>
"
`;
