// Jest Snapshot v1, https://goo.gl/fbAQLP

exports[`get_timeseries_data should match snapshot 1`] = `
Object {
  "dates": Array [
    1510673400000,
    1510673460000,
    1510673520000,
    1510673580000,
    1510673640000,
    1510673700000,
    1510673760000,
    1510673820000,
    1510673880000,
    1510673940000,
    1510674000000,
    1510674060000,
    1510674120000,
    1510674180000,
    1510674240000,
    1510674300000,
  ],
  "response_times": Object {
    "avg": Array [
      0,
      0,
      0,
      0,
      0,
      0,
      0,
      553834.7391304348,
      615674.9459459459,
      464274.07575757575,
      396037.4482758621,
      541597.4912280702,
      775031.17,
      483217.125,
      576777.2307692308,
      438265.46428571426,
    ],
    "p95": Array [
      0,
      0,
      0,
      0,
      0,
      0,
      0,
      2470208.6,
      2910176.0999999996,
      2500612.5,
      2527597.15,
      2468230.1,
      2536518.9,
      2498687.35,
      2637059.1,
      2152816.2,
    ],
    "p99": Array [
      0,
      0,
      0,
      0,
      0,
      0,
      0,
      2534567.92,
      3537133.4499999946,
      2594393.6999999993,
      2601982.08,
      2733127.0500000007,
      2776284.010000006,
      3959511.49,
      4023380.240000001,
      2194837.5700000003,
    ],
  },
  "total_hits": 675,
  "tpm_buckets": Array [
    Object {
      "avg": 63.75,
      "key": "HTTP 2xx",
      "values": Array [
        0,
        0,
        0,
        0,
        0,
        0,
        0,
        0,
        68,
        54,
        45,
        97,
        88,
        74,
        65,
        19,
      ],
    },
    Object {
      "avg": 7.375,
      "key": "HTTP 4xx",
      "values": Array [
        0,
        0,
        0,
        0,
        0,
        0,
        0,
        0,
        3,
        5,
        7,
        7,
        6,
        10,
        13,
        8,
      ],
    },
    Object {
      "avg": 6,
      "key": "HTTP 5xx",
      "values": Array [
        0,
        0,
        0,
        0,
        0,
        0,
        0,
        0,
        3,
        7,
        6,
        10,
        6,
        4,
        0,
        0,
      ],
    },
    Object {
      "avg": 63.75,
      "key": "3CustomStuff",
      "values": Array [
        0,
        0,
        0,
        0,
        0,
        0,
        0,
        0,
        68,
        54,
        45,
        97,
        88,
        74,
        65,
        19,
      ],
    },
  ],
  "weighted_average": 557652.1466666666,
}
`;
