// Jest Snapshot v1, https://goo.gl/fbAQLP

exports[`Should render categorical legend with breaks 1`] = `
<div>
  <EuiFlexGroup
    gutterSize="xs"
    justifyContent="spaceBetween"
  >
    <EuiFlexItem
      grow={false}
    >
      <EuiToolTip
        content="foobar_label"
        delay="regular"
        position="top"
        title="Icon"
      >
        <EuiText
          className="eui-textTruncate"
          size="xs"
          style={
            Object {
              "maxWidth": "180px",
            }
          }
        >
          <small>
            <strong>
              foobar_label
            </strong>
          </small>
        </EuiText>
      </EuiToolTip>
    </EuiFlexItem>
  </EuiFlexGroup>
  <EuiFlexGroup
    direction="column"
    gutterSize="none"
  >
    <Category
      color="grey"
      isLinesOnly={false}
      isPointsOnly={true}
      key="0"
      label="US_format"
      styleName="icon"
      symbolId="circle"
    />
    <Category
      color="grey"
      isLinesOnly={false}
      isPointsOnly={true}
      key="1"
      label="CN_format"
      styleName="icon"
      symbolId="marker"
    />
    <Category
      color="grey"
      isLinesOnly={false}
      isPointsOnly={true}
      key="fallbackCategory"
      label={
        <EuiTextColor
          color="secondary"
        >
          Other
        </EuiTextColor>
      }
      styleName="icon"
      symbolId="square"
    />
  </EuiFlexGroup>
</div>
`;
